// Jest Snapshot v1, https://goo.gl/fbAQLP

exports[`Card Component renders the Card html as expected 1`] = `
<div
  className="Card"
>
  <button
    type="button"
  >
    delete
  </button>
  <h3>
    Burbank
  </h3>
  <p>
    california love
  </p>
</div>
`;
